Release 14.7 - xst P.20131013 (nt64)
Copyright (c) 1995-2013 Xilinx, Inc.  All rights reserved.
--> Parameter TMPDIR set to xst/projnav.tmp


Total REAL time to Xst completion: 0.00 secs
Total CPU time to Xst completion: 0.08 secs
 
--> Parameter xsthdpdir set to xst


Total REAL time to Xst completion: 0.00 secs
Total CPU time to Xst completion: 0.08 secs
 
--> Reading design: parkingLotSystem.prj

TABLE OF CONTENTS
  1) Synthesis Options Summary
  2) HDL Compilation
  3) Design Hierarchy Analysis
  4) HDL Analysis
  5) HDL Synthesis
     5.1) HDL Synthesis Report
  6) Advanced HDL Synthesis
     6.1) Advanced HDL Synthesis Report
  7) Low Level Synthesis
  8) Partition Report
  9) Final Report
	9.1) Device utilization summary
	9.2) Partition Resource Summary
	9.3) TIMING REPORT


=========================================================================
*                      Synthesis Options Summary                        *
=========================================================================
---- Source Parameters
Input File Name                    : "parkingLotSystem.prj"
Input Format                       : mixed
Ignore Synthesis Constraint File   : NO

---- Target Parameters
Output File Name                   : "parkingLotSystem"
Output Format                      : NGC
Target Device                      : xc3s1000-5-ft256

---- Source Options
Top Module Name                    : parkingLotSystem
Automatic FSM Extraction           : YES
FSM Encoding Algorithm             : Auto
Safe Implementation                : No
FSM Style                          : LUT
RAM Extraction                     : Yes
RAM Style                          : Auto
ROM Extraction                     : Yes
Mux Style                          : Auto
Decoder Extraction                 : YES
Priority Encoder Extraction        : Yes
Shift Register Extraction          : YES
Logical Shifter Extraction         : YES
XOR Collapsing                     : YES
ROM Style                          : Auto
Mux Extraction                     : Yes
Resource Sharing                   : YES
Asynchronous To Synchronous        : NO
Multiplier Style                   : Auto
Automatic Register Balancing       : No

---- Target Options
Add IO Buffers                     : YES
Global Maximum Fanout              : 100000
Add Generic Clock Buffer(BUFG)     : 8
Register Duplication               : YES
Slice Packing                      : YES
Optimize Instantiated Primitives   : NO
Use Clock Enable                   : Yes
Use Synchronous Set                : Yes
Use Synchronous Reset              : Yes
Pack IO Registers into IOBs        : Auto
Equivalent register Removal        : YES

---- General Options
Optimization Goal                  : Speed
Optimization Effort                : 1
Keep Hierarchy                     : No
Netlist Hierarchy                  : As_Optimized
RTL Output                         : Yes
Global Optimization                : AllClockNets
Read Cores                         : YES
Write Timing Constraints           : NO
Cross Clock Analysis               : NO
Hierarchy Separator                : /
Bus Delimiter                      : <>
Case Specifier                     : Maintain
Slice Utilization Ratio            : 100
BRAM Utilization Ratio             : 100
Verilog 2001                       : YES
Auto BRAM Packing                  : NO
Slice Utilization Ratio Delta      : 5

=========================================================================


=========================================================================
*                          HDL Compilation                              *
=========================================================================
Compiling vhdl file "C:/Users/cypher/Documents/GitHub/Projects-Cypher/Hardware Engineering/Lab Project/CYPHER module/Parking_Lot_System_FPGA/Parking_Lot_System_FPGA/Q1.vhd" in Library work.
Architecture data of Entity half_adder_1_bit is up to date.
Compiling vhdl file "C:/Users/cypher/Documents/GitHub/Projects-Cypher/Hardware Engineering/Lab Project/CYPHER module/Parking_Lot_System_FPGA/Parking_Lot_System_FPGA/Q2.vhd" in Library work.
Architecture data of Entity full_adder_1_bit is up to date.
Compiling vhdl file "C:/Users/cypher/Documents/GitHub/Projects-Cypher/Hardware Engineering/Lab Project/CYPHER module/Parking_Lot_System_FPGA/Parking_Lot_System_FPGA/Q3.vhd" in Library work.
Architecture data of Entity full_adder_4_bit is up to date.
Compiling vhdl file "C:/Users/cypher/Documents/GitHub/Projects-Cypher/Hardware Engineering/Lab Project/CYPHER module/Parking_Lot_System_FPGA/Parking_Lot_System_FPGA/add3.vhd" in Library work.
Architecture behavioural of Entity add3 is up to date.
Compiling vhdl file "C:/Users/cypher/Documents/GitHub/Projects-Cypher/Hardware Engineering/Lab Project/CYPHER module/Parking_Lot_System_FPGA/Parking_Lot_System_FPGA/bcd_8_bit.vhd" in Library work.
Architecture behavioural of Entity bcd_8_bit is up to date.
Compiling vhdl file "C:/Users/cypher/Documents/GitHub/Projects-Cypher/Hardware Engineering/Lab Project/CYPHER module/Parking_Lot_System_FPGA/Parking_Lot_System_FPGA/bcd_7segment.vhd" in Library work.
Architecture logic of Entity led_7segment is up to date.
Compiling vhdl file "C:/Users/cypher/Documents/GitHub/Projects-Cypher/Hardware Engineering/Lab Project/CYPHER module/Parking_Lot_System_FPGA/Parking_Lot_System_FPGA/bcd_shifter.vhd" in Library work.
Architecture behavioral of Entity bcd_shifter is up to date.
Compiling vhdl file "C:/Users/cypher/Documents/GitHub/Projects-Cypher/Hardware Engineering/Lab Project/CYPHER module/Parking_Lot_System_FPGA/Parking_Lot_System_FPGA/Parking_Lot_System.vhd" in Library work.
Entity <parkinglotsystem> compiled.
Entity <parkinglotsystem> (Architecture <behavioral>) compiled.

=========================================================================
*                     Design Hierarchy Analysis                         *
=========================================================================
Analyzing hierarchy for entity <parkingLotSystem> in library <work> (architecture <behavioral>).

Analyzing hierarchy for entity <bcd_8_bit> in library <work> (architecture <behavioural>).

Analyzing hierarchy for entity <LED_7segment> in library <work> (architecture <logic>).

Analyzing hierarchy for entity <bcd_shifter> in library <work> (architecture <behavioral>).

Analyzing hierarchy for entity <add3> in library <work> (architecture <behavioural>).

Analyzing hierarchy for entity <full_adder_4_bit> in library <work> (architecture <data>).

Analyzing hierarchy for entity <full_adder_1_bit> in library <work> (architecture <data>).

Analyzing hierarchy for entity <half_adder_1_bit> in library <work> (architecture <data>).


=========================================================================
*                            HDL Analysis                               *
=========================================================================
Analyzing Entity <parkingLotSystem> in library <work> (Architecture <behavioral>).
Entity <parkingLotSystem> analyzed. Unit <parkingLotSystem> generated.

Analyzing Entity <bcd_8_bit> in library <work> (Architecture <behavioural>).
Entity <bcd_8_bit> analyzed. Unit <bcd_8_bit> generated.

Analyzing Entity <add3> in library <work> (Architecture <behavioural>).
Entity <add3> analyzed. Unit <add3> generated.

Analyzing Entity <full_adder_4_bit> in library <work> (Architecture <data>).
Entity <full_adder_4_bit> analyzed. Unit <full_adder_4_bit> generated.

Analyzing Entity <full_adder_1_bit> in library <work> (Architecture <data>).
Entity <full_adder_1_bit> analyzed. Unit <full_adder_1_bit> generated.

Analyzing Entity <half_adder_1_bit> in library <work> (Architecture <data>).
Entity <half_adder_1_bit> analyzed. Unit <half_adder_1_bit> generated.

Analyzing Entity <LED_7segment> in library <work> (Architecture <logic>).
Entity <LED_7segment> analyzed. Unit <LED_7segment> generated.

Analyzing Entity <bcd_shifter> in library <work> (Architecture <behavioral>).
Entity <bcd_shifter> analyzed. Unit <bcd_shifter> generated.


=========================================================================
*                           HDL Synthesis                               *
=========================================================================

Performing bidirectional port resolution...

Synthesizing Unit <LED_7segment>.
    Related source file is "C:/Users/cypher/Documents/GitHub/Projects-Cypher/Hardware Engineering/Lab Project/CYPHER module/Parking_Lot_System_FPGA/Parking_Lot_System_FPGA/bcd_7segment.vhd".
    Found 16x7-bit ROM for signal <LED_out>.
    Summary:
	inferred   1 ROM(s).
Unit <LED_7segment> synthesized.


Synthesizing Unit <bcd_shifter>.
    Related source file is "C:/Users/cypher/Documents/GitHub/Projects-Cypher/Hardware Engineering/Lab Project/CYPHER module/Parking_Lot_System_FPGA/Parking_Lot_System_FPGA/bcd_shifter.vhd".
    Using one-hot encoding for signal <current_state>.
    Found 7-bit register for signal <bcd_out>.
    Found 4-bit register for signal <An>.
    Found 3-bit register for signal <current_state>.
    Found 3-bit register for signal <next_state>.
    Summary:
	inferred  14 D-type flip-flop(s).
Unit <bcd_shifter> synthesized.


Synthesizing Unit <half_adder_1_bit>.
    Related source file is "C:/Users/cypher/Documents/GitHub/Projects-Cypher/Hardware Engineering/Lab Project/CYPHER module/Parking_Lot_System_FPGA/Parking_Lot_System_FPGA/Q1.vhd".
    Found 1-bit xor2 for signal <S>.
Unit <half_adder_1_bit> synthesized.


Synthesizing Unit <full_adder_1_bit>.
    Related source file is "C:/Users/cypher/Documents/GitHub/Projects-Cypher/Hardware Engineering/Lab Project/CYPHER module/Parking_Lot_System_FPGA/Parking_Lot_System_FPGA/Q2.vhd".
Unit <full_adder_1_bit> synthesized.


Synthesizing Unit <full_adder_4_bit>.
    Related source file is "C:/Users/cypher/Documents/GitHub/Projects-Cypher/Hardware Engineering/Lab Project/CYPHER module/Parking_Lot_System_FPGA/Parking_Lot_System_FPGA/Q3.vhd".
WARNING:Xst:647 - Input <Cin> is never used. This port will be preserved and left unconnected if it belongs to a top-level block or it belongs to a sub-block and the hierarchy of this sub-block is preserved.
Unit <full_adder_4_bit> synthesized.


Synthesizing Unit <add3>.
    Related source file is "C:/Users/cypher/Documents/GitHub/Projects-Cypher/Hardware Engineering/Lab Project/CYPHER module/Parking_Lot_System_FPGA/Parking_Lot_System_FPGA/add3.vhd".
WARNING:Xst:646 - Signal <CoutS> is assigned but never used. This unconnected signal will be trimmed during the optimization process.
WARNING:Xst:653 - Signal <CinS> is used but never assigned. This sourceless signal will be automatically connected to value 0.
Unit <add3> synthesized.


Synthesizing Unit <bcd_8_bit>.
    Related source file is "C:/Users/cypher/Documents/GitHub/Projects-Cypher/Hardware Engineering/Lab Project/CYPHER module/Parking_Lot_System_FPGA/Parking_Lot_System_FPGA/bcd_8_bit.vhd".
Unit <bcd_8_bit> synthesized.


Synthesizing Unit <parkingLotSystem>.
    Related source file is "C:/Users/cypher/Documents/GitHub/Projects-Cypher/Hardware Engineering/Lab Project/CYPHER module/Parking_Lot_System_FPGA/Parking_Lot_System_FPGA/Parking_Lot_System.vhd".
    Register <led_s> equivalent to <gate_s> has been removed
    Using one-hot encoding for signal <current_state>.
    Found 31-bit up counter for signal <clockScalers>.
    Found 8-bit register for signal <count_mem>.
    Found 8-bit addsub for signal <count_mem$share0000> created at line 160.
    Found 3-bit register for signal <current_state>.
    Found 1-bit register for signal <gate_s>.
    Found 3-bit register for signal <next_state>.
    Found 1-bit register for signal <space_state>.
    Found 8-bit comparator less for signal <space_state$cmp_lt0000> created at line 178.
    Summary:
	inferred   1 Counter(s).
	inferred  13 D-type flip-flop(s).
	inferred   1 Adder/Subtractor(s).
	inferred   1 Comparator(s).
Unit <parkingLotSystem> synthesized.

INFO:Xst:1767 - HDL ADVISOR - Resource sharing has identified that some arithmetic operations in this design can share the same physical resources for reduced device utilization. For improved clock frequency you may try to disable resource sharing.

=========================================================================
HDL Synthesis Report

Macro Statistics
# ROMs                                                 : 3
 16x7-bit ROM                                          : 3
# Adders/Subtractors                                   : 1
 8-bit addsub                                          : 1
# Counters                                             : 1
 31-bit up counter                                     : 1
# Registers                                            : 9
 1-bit register                                        : 2
 3-bit register                                        : 4
 4-bit register                                        : 1
 7-bit register                                        : 1
 8-bit register                                        : 1
# Comparators                                          : 1
 8-bit comparator less                                 : 1
# Xors                                                 : 56
 1-bit xor2                                            : 56

=========================================================================

=========================================================================
*                       Advanced HDL Synthesis                          *
=========================================================================

WARNING:Xst:1290 - Hierarchical block <U1> is unconnected in block <bit3>.
   It will be removed from the design.
WARNING:Xst:1290 - Hierarchical block <U1> is unconnected in block <bit3>.
   It will be removed from the design.

=========================================================================
Advanced HDL Synthesis Report

Macro Statistics
# ROMs                                                 : 3
 16x7-bit ROM                                          : 3
# Adders/Subtractors                                   : 1
 8-bit addsub                                          : 1
# Counters                                             : 1
 31-bit up counter                                     : 1
# Registers                                            : 33
 Flip-Flops                                            : 33
# Comparators                                          : 1
 8-bit comparator less                                 : 1
# Xors                                                 : 56
 1-bit xor2                                            : 56

=========================================================================

=========================================================================
*                         Low Level Synthesis                           *
=========================================================================
WARNING:Xst:2677 - Node <clockScalers_17> of sequential type is unconnected in block <parkingLotSystem>.
WARNING:Xst:2677 - Node <clockScalers_18> of sequential type is unconnected in block <parkingLotSystem>.
WARNING:Xst:2677 - Node <clockScalers_19> of sequential type is unconnected in block <parkingLotSystem>.
WARNING:Xst:2677 - Node <clockScalers_20> of sequential type is unconnected in block <parkingLotSystem>.
WARNING:Xst:2677 - Node <clockScalers_21> of sequential type is unconnected in block <parkingLotSystem>.
WARNING:Xst:2677 - Node <clockScalers_22> of sequential type is unconnected in block <parkingLotSystem>.
WARNING:Xst:2677 - Node <clockScalers_23> of sequential type is unconnected in block <parkingLotSystem>.
WARNING:Xst:2677 - Node <clockScalers_24> of sequential type is unconnected in block <parkingLotSystem>.
WARNING:Xst:2677 - Node <clockScalers_25> of sequential type is unconnected in block <parkingLotSystem>.
WARNING:Xst:2677 - Node <clockScalers_26> of sequential type is unconnected in block <parkingLotSystem>.
WARNING:Xst:2677 - Node <clockScalers_27> of sequential type is unconnected in block <parkingLotSystem>.
WARNING:Xst:2677 - Node <clockScalers_28> of sequential type is unconnected in block <parkingLotSystem>.
WARNING:Xst:2677 - Node <clockScalers_29> of sequential type is unconnected in block <parkingLotSystem>.
WARNING:Xst:2677 - Node <clockScalers_30> of sequential type is unconnected in block <parkingLotSystem>.

Optimizing unit <parkingLotSystem> ...

Optimizing unit <bcd_shifter> ...

Mapping all equations...
Building and optimizing final netlist ...
Found area constraint ratio of 100 (+ 5) on block parkingLotSystem, actual ratio is 1.

Final Macro Processing ...

=========================================================================
Final Register Report

Macro Statistics
# Registers                                            : 50
 Flip-Flops                                            : 50

=========================================================================

=========================================================================
*                           Partition Report                            *
=========================================================================

Partition Implementation Status
-------------------------------

  No Partitions were found in this design.

-------------------------------

=========================================================================
*                            Final Report                               *
=========================================================================
Final Results
RTL Top Level Output File Name     : parkingLotSystem.ngr
Top Level Output File Name         : parkingLotSystem
Output Format                      : NGC
Optimization Goal                  : Speed
Keep Hierarchy                     : No

Design Statistics
# IOs                              : 43

Cell Usage :
# BELS                             : 176
#      GND                         : 1
#      INV                         : 2
#      LUT1                        : 16
#      LUT2                        : 12
#      LUT3                        : 13
#      LUT3_D                      : 1
#      LUT3_L                      : 1
#      LUT4                        : 79
#      LUT4_L                      : 3
#      MUXCY                       : 16
#      MUXF5                       : 14
#      VCC                         : 1
#      XORCY                       : 17
# FlipFlops/Latches                : 50
#      FD                          : 1
#      FD_1                        : 4
#      FDC                         : 21
#      FDC_1                       : 8
#      FDP                         : 2
#      FDR                         : 1
#      FDS                         : 3
#      FDS_1                       : 10
# Clock Buffers                    : 1
#      BUFGP                       : 1
# IO Buffers                       : 42
#      IBUF                        : 6
#      OBUF                        : 36
=========================================================================

Device utilization summary:
---------------------------

Selected Device : 3s1000ft256-5 

 Number of Slices:                       68  out of   7680     0%  
 Number of Slice Flip Flops:             50  out of  15360     0%  
 Number of 4 input LUTs:                127  out of  15360     0%  
 Number of IOs:                          43
 Number of bonded IOBs:                  43  out of    173    24%  
 Number of GCLKs:                         1  out of      8    12%  

---------------------------
Partition Resource Summary:
---------------------------

  No Partitions were found in this design.

---------------------------


=========================================================================
TIMING REPORT

NOTE: THESE TIMING NUMBERS ARE ONLY A SYNTHESIS ESTIMATE.
      FOR ACCURATE TIMING INFORMATION PLEASE REFER TO THE TRACE REPORT
      GENERATED AFTER PLACE-and-ROUTE.

Clock Information:
------------------
-----------------------------------+-------------------------------+-------+
Clock Signal                       | Clock buffer(FF name)         | Load  |
-----------------------------------+-------------------------------+-------+
clk                                | BUFGP                         | 25    |
clockScalers_0                     | NONE(count_mem_0)             | 8     |
clockScalers_16                    | NONE(shifter1/current_state_2)| 17    |
-----------------------------------+-------------------------------+-------+
INFO:Xst:2169 - HDL ADVISOR - Some clock signals were not automatically buffered by XST with BUFG/BUFR resources. Please use the buffer_type constraint in order to insert these buffers to the clock signals to help prevent skew problems.

Asynchronous Control Signals Information:
----------------------------------------
-----------------------------------+------------------------+-------+
Control Signal                     | Buffer(FF name)        | Load  |
-----------------------------------+------------------------+-------+
rst                                | IBUF                   | 31    |
-----------------------------------+------------------------+-------+

Timing Summary:
---------------
Speed Grade: -5

   Minimum period: 7.419ns (Maximum Frequency: 134.798MHz)
   Minimum input arrival time before clock: 8.162ns
   Maximum output required time after clock: 18.393ns
   Maximum combinational path delay: No path found

Timing Detail:
--------------
All values displayed in nanoseconds (ns)

=========================================================================
Timing constraint: Default period analysis for Clock 'clk'
  Clock period: 4.290ns (frequency: 233.106MHz)
  Total number of paths / destination ports: 168 / 27
-------------------------------------------------------------------------
Delay:               4.290ns (Levels of Logic = 18)
  Source:            clockScalers_0 (FF)
  Destination:       clockScalers_16 (FF)
  Source Clock:      clk rising
  Destination Clock: clk rising

  Data Path: clockScalers_0 to clockScalers_16
                                Gate     Net
    Cell:in->out      fanout   Delay   Delay  Logical Name (Net Name)
    ----------------------------------------  ------------
     FDC:C->Q              9   0.626   0.955  clockScalers_0 (clockScalers_0)
     INV:I->O              1   0.479   0.000  Mcount_clockScalers_lut<0>_INV_0 (Mcount_clockScalers_lut<0>)
     MUXCY:S->O            1   0.435   0.000  Mcount_clockScalers_cy<0> (Mcount_clockScalers_cy<0>)
     MUXCY:CI->O           1   0.056   0.000  Mcount_clockScalers_cy<1> (Mcount_clockScalers_cy<1>)
     MUXCY:CI->O           1   0.056   0.000  Mcount_clockScalers_cy<2> (Mcount_clockScalers_cy<2>)
     MUXCY:CI->O           1   0.056   0.000  Mcount_clockScalers_cy<3> (Mcount_clockScalers_cy<3>)
     MUXCY:CI->O           1   0.056   0.000  Mcount_clockScalers_cy<4> (Mcount_clockScalers_cy<4>)
     MUXCY:CI->O           1   0.056   0.000  Mcount_clockScalers_cy<5> (Mcount_clockScalers_cy<5>)
     MUXCY:CI->O           1   0.056   0.000  Mcount_clockScalers_cy<6> (Mcount_clockScalers_cy<6>)
     MUXCY:CI->O           1   0.056   0.000  Mcount_clockScalers_cy<7> (Mcount_clockScalers_cy<7>)
     MUXCY:CI->O           1   0.056   0.000  Mcount_clockScalers_cy<8> (Mcount_clockScalers_cy<8>)
     MUXCY:CI->O           1   0.056   0.000  Mcount_clockScalers_cy<9> (Mcount_clockScalers_cy<9>)
     MUXCY:CI->O           1   0.056   0.000  Mcount_clockScalers_cy<10> (Mcount_clockScalers_cy<10>)
     MUXCY:CI->O           1   0.056   0.000  Mcount_clockScalers_cy<11> (Mcount_clockScalers_cy<11>)
     MUXCY:CI->O           1   0.056   0.000  Mcount_clockScalers_cy<12> (Mcount_clockScalers_cy<12>)
     MUXCY:CI->O           1   0.056   0.000  Mcount_clockScalers_cy<13> (Mcount_clockScalers_cy<13>)
     MUXCY:CI->O           1   0.056   0.000  Mcount_clockScalers_cy<14> (Mcount_clockScalers_cy<14>)
     MUXCY:CI->O           0   0.056   0.000  Mcount_clockScalers_cy<15> (Mcount_clockScalers_cy<15>)
     XORCY:CI->O           1   0.786   0.000  Mcount_clockScalers_xor<16> (Result<16>)
     FDC:D                     0.176          clockScalers_16
    ----------------------------------------
    Total                      4.290ns (3.335ns logic, 0.955ns route)
                                       (77.7% logic, 22.3% route)

=========================================================================
Timing constraint: Default period analysis for Clock 'clockScalers_0'
  Clock period: 4.945ns (frequency: 202.231MHz)
  Total number of paths / destination ports: 47 / 8
-------------------------------------------------------------------------
Delay:               4.945ns (Levels of Logic = 4)
  Source:            count_mem_1 (FF)
  Destination:       count_mem_4 (FF)
  Source Clock:      clockScalers_0 falling
  Destination Clock: clockScalers_0 falling

  Data Path: count_mem_1 to count_mem_4
                                Gate     Net
    Cell:in->out      fanout   Delay   Delay  Logical Name (Net Name)
    ----------------------------------------  ------------
     FDC_1:C->Q           11   0.626   1.142  count_mem_1 (count_mem_1)
     LUT3_D:I1->LO         1   0.479   0.123  Maddsub_count_mem_share0000_xor<2>11 (N108)
     LUT4:I3->O            4   0.479   0.838  count_mem_mux0002<4>1 (N19)
     LUT3_L:I2->LO         1   0.479   0.123  count_mem_mux0002<4>_SW1 (N74)
     LUT4:I3->O            1   0.479   0.000  count_mem_mux0002<4> (count_mem_mux0002<4>)
     FDC_1:D                   0.176          count_mem_4
    ----------------------------------------
    Total                      4.945ns (2.718ns logic, 2.227ns route)
                                       (55.0% logic, 45.0% route)

=========================================================================
Timing constraint: Default period analysis for Clock 'clockScalers_16'
  Clock period: 7.419ns (frequency: 134.798MHz)
  Total number of paths / destination ports: 35 / 27
-------------------------------------------------------------------------
Delay:               3.709ns (Levels of Logic = 1)
  Source:            shifter1/current_state_1 (FF)
  Destination:       shifter1/bcd_out_6 (FF)
  Source Clock:      clockScalers_16 rising
  Destination Clock: clockScalers_16 falling

  Data Path: shifter1/current_state_1 to shifter1/bcd_out_6
                                Gate     Net
    Cell:in->out      fanout   Delay   Delay  Logical Name (Net Name)
    ----------------------------------------  ------------
     FDC:C->Q             11   0.626   1.031  shifter1/current_state_1 (shifter1/current_state_1)
     LUT4:I2->O            1   0.479   0.681  shifter1/bcd_out_mux0001<6>_SW0 (N71)
     FDS_1:S                   0.892          shifter1/bcd_out_6
    ----------------------------------------
    Total                      3.709ns (1.997ns logic, 1.712ns route)
                                       (53.8% logic, 46.2% route)

=========================================================================
Timing constraint: Default OFFSET IN BEFORE for Clock 'clk'
  Total number of paths / destination ports: 15 / 5
-------------------------------------------------------------------------
Offset:              5.232ns (Levels of Logic = 3)
  Source:            input<3> (PAD)
  Destination:       next_state_2 (FF)
  Destination Clock: clk rising

  Data Path: input<3> to next_state_2
                                Gate     Net
    Cell:in->out      fanout   Delay   Delay  Logical Name (Net Name)
    ----------------------------------------  ------------
     IBUF:I->O             4   0.715   1.074  input_3_IBUF (input_3_IBUF)
     LUT2:I0->O            6   0.479   0.912  next_state_mux0004<1>31 (N57)
     LUT4:I2->O            1   0.479   0.681  next_state_mux0004<0>12 (next_state_mux0004<0>12)
     FDS:S                     0.892          next_state_2
    ----------------------------------------
    Total                      5.232ns (2.565ns logic, 2.667ns route)
                                       (49.0% logic, 51.0% route)

=========================================================================
Timing constraint: Default OFFSET IN BEFORE for Clock 'clockScalers_0'
  Total number of paths / destination ports: 168 / 8
-------------------------------------------------------------------------
Offset:              8.162ns (Levels of Logic = 7)
  Source:            input<3> (PAD)
  Destination:       count_mem_4 (FF)
  Destination Clock: clockScalers_0 falling

  Data Path: input<3> to count_mem_4
                                Gate     Net
    Cell:in->out      fanout   Delay   Delay  Logical Name (Net Name)
    ----------------------------------------  ------------
     IBUF:I->O             4   0.715   1.074  input_3_IBUF (input_3_IBUF)
     LUT4:I0->O            8   0.479   1.091  count_mem_cmp_eq00001 (count_mem_cmp_eq0000)
     LUT2:I1->O            6   0.479   1.148  count_mem_mux00031 (count_mem_mux00031)
     LUT3_D:I0->LO         1   0.479   0.123  Maddsub_count_mem_share0000_xor<2>11 (N108)
     LUT4:I3->O            4   0.479   0.838  count_mem_mux0002<4>1 (N19)
     LUT3_L:I2->LO         1   0.479   0.123  count_mem_mux0002<4>_SW1 (N74)
     LUT4:I3->O            1   0.479   0.000  count_mem_mux0002<4> (count_mem_mux0002<4>)
     FDC_1:D                   0.176          count_mem_4
    ----------------------------------------
    Total                      8.162ns (3.765ns logic, 4.397ns route)
                                       (46.1% logic, 53.9% route)

=========================================================================
Timing constraint: Default OFFSET OUT AFTER for Clock 'clk'
  Total number of paths / destination ports: 4 / 4
-------------------------------------------------------------------------
Offset:              7.530ns (Levels of Logic = 2)
  Source:            gate_s (FF)
  Destination:       led_red (PAD)
  Source Clock:      clk rising

  Data Path: gate_s to led_red
                                Gate     Net
    Cell:in->out      fanout   Delay   Delay  Logical Name (Net Name)
    ----------------------------------------  ------------
     FDS:C->Q              3   0.626   0.771  gate_s (gate_s)
     INV:I->O              2   0.479   0.745  led_red1_INV_0 (led_red_OBUF)
     OBUF:I->O                 4.909          led_red_OBUF (led_red)
    ----------------------------------------
    Total                      7.530ns (6.014ns logic, 1.516ns route)
                                       (79.9% logic, 20.1% route)

=========================================================================
Timing constraint: Default OFFSET OUT AFTER for Clock 'clockScalers_0'
  Total number of paths / destination ports: 5786 / 20
-------------------------------------------------------------------------
Offset:              18.393ns (Levels of Logic = 10)
  Source:            count_mem_6 (FF)
  Destination:       digit2port<5> (PAD)
  Source Clock:      clockScalers_0 falling

  Data Path: count_mem_6 to digit2port<5>
                                Gate     Net
    Cell:in->out      fanout   Delay   Delay  Logical Name (Net Name)
    ----------------------------------------  ------------
     FDC_1:C->Q           24   0.626   1.822  count_mem_6 (count_mem_6)
     LUT4:I0->O            1   0.479   0.000  converter1/add32/adder1/bit2/U2/Mxor_S_Result_F (N96)
     MUXF5:I0->O          14   0.314   1.304  converter1/add32/adder1/bit2/U2/Mxor_S_Result (converter1/add33/adder1/bit3/U1/Mxor_S_Result_and0001)
     LUT4:I0->O            1   0.479   0.851  converter1/add36/condition72_SW0_SW0 (N82)
     LUT4:I1->O            1   0.479   0.740  converter1/add36/condition72_SW0 (N68)
     LUT4:I2->O            3   0.479   1.066  converter1/add36/condition72 (converter1/add36/condition)
     LUT4:I0->O            6   0.479   1.148  converter1/add36/adder1/bit1/Cout1 (converter1/add36/adder1/c1)
     LUT3:I0->O            1   0.479   0.000  converter1/add36/adder1/bit2/U2/Mxor_S_Result12 (converter1/add36/adder1/bit2/U2/Mxor_S_Result1)
     MUXF5:I1->O           7   0.314   1.201  converter1/add36/adder1/bit2/U2/Mxor_S_Result1_f5 (bcd_full<7>)
     LUT4:I0->O            2   0.479   0.745  digit2c/Mrom_LED_out41 (digit2c/Mrom_LED_out4)
     OBUF:I->O                 4.909          digit2port_4_OBUF (digit2port<4>)
    ----------------------------------------
    Total                     18.393ns (9.516ns logic, 8.877ns route)
                                       (51.7% logic, 48.3% route)

=========================================================================
Timing constraint: Default OFFSET OUT AFTER for Clock 'clockScalers_16'
  Total number of paths / destination ports: 11 / 11
-------------------------------------------------------------------------
Offset:              6.216ns (Levels of Logic = 1)
  Source:            shifter1/An_3 (FF)
  Destination:       sel_single_port<3> (PAD)
  Source Clock:      clockScalers_16 falling

  Data Path: shifter1/An_3 to sel_single_port<3>
                                Gate     Net
    Cell:in->out      fanout   Delay   Delay  Logical Name (Net Name)
    ----------------------------------------  ------------
     FDS_1:C->Q            1   0.626   0.681  shifter1/An_3 (shifter1/An_3)
     OBUF:I->O                 4.909          sel_single_port_3_OBUF (sel_single_port<3>)
    ----------------------------------------
    Total                      6.216ns (5.535ns logic, 0.681ns route)
                                       (89.0% logic, 11.0% route)

=========================================================================


Total REAL time to Xst completion: 5.00 secs
Total CPU time to Xst completion: 5.42 secs
 
--> 

Total memory usage is 261940 kilobytes

Number of errors   :    0 (   0 filtered)
Number of warnings :   19 (   0 filtered)
Number of infos    :    2 (   0 filtered)

