--------------------------------------------------------------------------------
Release 14.7 Trace  (nt64)
Copyright (c) 1995-2013 Xilinx, Inc.  All rights reserved.

C:\Xilinx\14.7\ISE_DS\ISE\bin\nt64\unwrapped\trce.exe -intstyle ise -v 3 -s 5
-n 3 -fastpaths -xml parkingLotSystem.twx parkingLotSystem.ncd -o
parkingLotSystem.twr parkingLotSystem.pcf -ucf netlist.ucf

Design file:              parkingLotSystem.ncd
Physical constraint file: parkingLotSystem.pcf
Device,package,speed:     xc3s1000,ft256,-5 (PRODUCTION 1.39 2013-10-13)
Report level:             verbose report

Environment Variable      Effect 
--------------------      ------ 
NONE                      No environment variables were set
--------------------------------------------------------------------------------

INFO:Timing:2698 - No timing constraints found, doing default enumeration.
INFO:Timing:3412 - To improve timing, see the Timing Closure User Guide (UG612).
INFO:Timing:2752 - To get complete path coverage, use the unconstrained paths 
   option. All paths that are not constrained will be reported in the 
   unconstrained paths section(s) of the report.
INFO:Timing:3339 - The clock-to-out numbers in this timing report are based on 
   a 50 Ohm transmission line loading model.  For the details of this model, 
   and for more information on accounting for different loading conditions, 
   please see the device datasheet.
INFO:Timing:3390 - This architecture does not support a default System Jitter 
   value, please add SYSTEM_JITTER constraint to the UCF to modify the Clock 
   Uncertainty calculation.
INFO:Timing:3389 - This architecture does not support 'Discrete Jitter' and 
   'Phase Error' calculations, these terms will be zero in the Clock 
   Uncertainty calculation.  Please make appropriate modification to 
   SYSTEM_JITTER to account for the unsupported Discrete Jitter and Phase 
   Error.



Data Sheet report:
-----------------
All values displayed in nanoseconds (ns)

Setup/Hold to clock clk
------------+------------+------------+------------------+--------+
            |Max Setup to|Max Hold to |                  | Clock  |
Source      | clk (edge) | clk (edge) |Internal Clock(s) | Phase  |
------------+------------+------------+------------------+--------+
input<0>    |    3.669(R)|   -1.241(R)|clk_BUFGP         |   0.000|
            |    6.974(F)|   -0.769(F)|clk_BUFGP         |   0.000|
input<1>    |    4.257(R)|   -1.477(R)|clk_BUFGP         |   0.000|
            |    7.269(F)|   -1.239(F)|clk_BUFGP         |   0.000|
input<2>    |    4.366(R)|   -1.580(R)|clk_BUFGP         |   0.000|
            |    7.398(F)|   -1.327(F)|clk_BUFGP         |   0.000|
input<3>    |    4.252(R)|   -1.711(R)|clk_BUFGP         |   0.000|
            |    7.667(F)|   -1.235(F)|clk_BUFGP         |   0.000|
ready       |    2.932(R)|    0.312(R)|clk_BUFGP         |   0.000|
rst         |    3.694(F)|    0.265(F)|clk_BUFGP         |   0.000|
------------+------------+------------+------------------+--------+

Clock clk to Pad
-------------+------------+------------------+--------+
             | clk (edge) |                  | Clock  |
Destination  |   to PAD   |Internal Clock(s) | Phase  |
-------------+------------+------------------+--------+
counter<0>   |    8.525(F)|clk_BUFGP         |   0.000|
counter<1>   |    8.942(F)|clk_BUFGP         |   0.000|
counter<2>   |    8.242(F)|clk_BUFGP         |   0.000|
counter<3>   |    9.482(F)|clk_BUFGP         |   0.000|
counter<4>   |    8.456(F)|clk_BUFGP         |   0.000|
counter<5>   |    9.207(F)|clk_BUFGP         |   0.000|
counter<6>   |    8.926(F)|clk_BUFGP         |   0.000|
counter<7>   |    9.312(F)|clk_BUFGP         |   0.000|
digit1port<0>|   21.839(F)|clk_BUFGP         |   0.000|
digit1port<1>|   22.565(F)|clk_BUFGP         |   0.000|
digit1port<2>|   22.274(F)|clk_BUFGP         |   0.000|
digit1port<3>|   23.032(F)|clk_BUFGP         |   0.000|
digit1port<4>|   22.340(F)|clk_BUFGP         |   0.000|
digit1port<5>|   23.029(F)|clk_BUFGP         |   0.000|
digit1port<6>|   22.399(F)|clk_BUFGP         |   0.000|
digit2port<0>|   22.859(F)|clk_BUFGP         |   0.000|
digit2port<1>|   22.635(F)|clk_BUFGP         |   0.000|
digit2port<2>|   22.517(F)|clk_BUFGP         |   0.000|
digit2port<3>|   23.022(F)|clk_BUFGP         |   0.000|
digit2port<4>|   23.006(F)|clk_BUFGP         |   0.000|
digit2port<5>|   22.693(F)|clk_BUFGP         |   0.000|
digit2port<6>|   22.765(F)|clk_BUFGP         |   0.000|
digit3port<0>|   14.337(F)|clk_BUFGP         |   0.000|
digit3port<1>|   21.722(F)|clk_BUFGP         |   0.000|
digit3port<2>|   21.103(F)|clk_BUFGP         |   0.000|
digit3port<3>|   21.723(F)|clk_BUFGP         |   0.000|
digit3port<4>|   20.707(F)|clk_BUFGP         |   0.000|
digit3port<6>|   21.723(F)|clk_BUFGP         |   0.000|
gate_close   |    9.933(R)|clk_BUFGP         |   0.000|
gate_open    |   10.233(R)|clk_BUFGP         |   0.000|
led_green    |    9.628(R)|clk_BUFGP         |   0.000|
led_red      |    9.361(R)|clk_BUFGP         |   0.000|
-------------+------------+------------------+--------+

Clock to Setup on destination clock clk
---------------+---------+---------+---------+---------+
               | Src:Rise| Src:Fall| Src:Rise| Src:Fall|
Source Clock   |Dest:Rise|Dest:Rise|Dest:Fall|Dest:Fall|
---------------+---------+---------+---------+---------+
clk            |    5.538|    4.131|    4.941|    6.297|
---------------+---------+---------+---------+---------+


Analysis completed Sat Jun 18 14:07:29 2022 
--------------------------------------------------------------------------------

Trace Settings:
-------------------------
Trace Settings 

Peak Memory Usage: 161 MB



