--------------------------------------------------------------------------------
Release 14.7 Trace  (nt64)
Copyright (c) 1995-2013 Xilinx, Inc.  All rights reserved.

C:\Xilinx\14.7\ISE_DS\ISE\bin\nt64\unwrapped\trce.exe -intstyle ise -v 3 -s 5
-n 3 -fastpaths -xml parkingLotSystem.twx parkingLotSystem.ncd -o
parkingLotSystem.twr parkingLotSystem.pcf -ucf netlist.ucf

Design file:              parkingLotSystem.ncd
Physical constraint file: parkingLotSystem.pcf
Device,package,speed:     xc3s1000,ft256,-5 (PRODUCTION 1.39 2013-10-13)
Report level:             verbose report

Environment Variable      Effect 
--------------------      ------ 
NONE                      No environment variables were set
--------------------------------------------------------------------------------

INFO:Timing:2698 - No timing constraints found, doing default enumeration.
INFO:Timing:3412 - To improve timing, see the Timing Closure User Guide (UG612).
INFO:Timing:2752 - To get complete path coverage, use the unconstrained paths 
   option. All paths that are not constrained will be reported in the 
   unconstrained paths section(s) of the report.
INFO:Timing:3339 - The clock-to-out numbers in this timing report are based on 
   a 50 Ohm transmission line loading model.  For the details of this model, 
   and for more information on accounting for different loading conditions, 
   please see the device datasheet.
INFO:Timing:3390 - This architecture does not support a default System Jitter 
   value, please add SYSTEM_JITTER constraint to the UCF to modify the Clock 
   Uncertainty calculation.
INFO:Timing:3389 - This architecture does not support 'Discrete Jitter' and 
   'Phase Error' calculations, these terms will be zero in the Clock 
   Uncertainty calculation.  Please make appropriate modification to 
   SYSTEM_JITTER to account for the unsupported Discrete Jitter and Phase 
   Error.



Data Sheet report:
-----------------
All values displayed in nanoseconds (ns)

Setup/Hold to clock clk
------------+------------+------------+------------------+--------+
            |Max Setup to|Max Hold to |                  | Clock  |
Source      | clk (edge) | clk (edge) |Internal Clock(s) | Phase  |
------------+------------+------------+------------------+--------+
input<0>    |    3.077(R)|    0.086(R)|clk_BUFGP         |   0.000|
            |    4.583(F)|    0.051(F)|clk_BUFGP         |   0.000|
input<1>    |    4.301(R)|   -0.655(R)|clk_BUFGP         |   0.000|
            |    5.807(F)|   -1.224(F)|clk_BUFGP         |   0.000|
input<2>    |    4.587(R)|   -0.606(R)|clk_BUFGP         |   0.000|
            |    6.791(F)|   -1.503(F)|clk_BUFGP         |   0.000|
input<3>    |    3.907(R)|   -0.515(R)|clk_BUFGP         |   0.000|
            |    6.111(F)|   -0.997(F)|clk_BUFGP         |   0.000|
ready       |    2.273(R)|    0.494(R)|clk_BUFGP         |   0.000|
------------+------------+------------+------------------+--------+

Clock clk to Pad
-------------+------------+------------------+--------+
             | clk (edge) |                  | Clock  |
Destination  |   to PAD   |Internal Clock(s) | Phase  |
-------------+------------+------------------+--------+
counter<0>   |    8.931(F)|clk_BUFGP         |   0.000|
counter<1>   |    9.600(F)|clk_BUFGP         |   0.000|
counter<2>   |    9.185(F)|clk_BUFGP         |   0.000|
counter<3>   |    9.883(F)|clk_BUFGP         |   0.000|
counter<4>   |    9.676(F)|clk_BUFGP         |   0.000|
counter<5>   |    9.456(F)|clk_BUFGP         |   0.000|
counter<6>   |    9.506(F)|clk_BUFGP         |   0.000|
counter<7>   |    9.452(F)|clk_BUFGP         |   0.000|
digit1port<0>|   15.708(F)|clk_BUFGP         |   0.000|
digit1port<1>|   15.461(F)|clk_BUFGP         |   0.000|
digit1port<2>|   14.820(F)|clk_BUFGP         |   0.000|
digit1port<3>|   15.168(F)|clk_BUFGP         |   0.000|
digit1port<4>|   15.285(F)|clk_BUFGP         |   0.000|
digit1port<5>|   15.185(F)|clk_BUFGP         |   0.000|
digit1port<6>|   15.359(F)|clk_BUFGP         |   0.000|
digit2port<0>|   16.863(F)|clk_BUFGP         |   0.000|
digit2port<1>|   17.653(F)|clk_BUFGP         |   0.000|
digit2port<2>|   17.775(F)|clk_BUFGP         |   0.000|
digit2port<3>|   16.350(F)|clk_BUFGP         |   0.000|
digit2port<4>|   16.952(F)|clk_BUFGP         |   0.000|
digit2port<5>|   17.440(F)|clk_BUFGP         |   0.000|
digit2port<6>|   17.636(F)|clk_BUFGP         |   0.000|
digit3port<0>|   11.420(F)|clk_BUFGP         |   0.000|
digit3port<1>|   16.607(F)|clk_BUFGP         |   0.000|
digit3port<2>|   17.338(F)|clk_BUFGP         |   0.000|
digit3port<3>|   17.344(F)|clk_BUFGP         |   0.000|
digit3port<4>|   11.350(F)|clk_BUFGP         |   0.000|
digit3port<6>|   17.344(F)|clk_BUFGP         |   0.000|
gate_close   |    8.337(R)|clk_BUFGP         |   0.000|
gate_open    |    8.634(R)|clk_BUFGP         |   0.000|
led_green    |    8.197(R)|clk_BUFGP         |   0.000|
led_red      |    8.371(R)|clk_BUFGP         |   0.000|
-------------+------------+------------------+--------+

Clock to Setup on destination clock clk
---------------+---------+---------+---------+---------+
               | Src:Rise| Src:Fall| Src:Rise| Src:Fall|
Source Clock   |Dest:Rise|Dest:Rise|Dest:Fall|Dest:Fall|
---------------+---------+---------+---------+---------+
clk            |    3.990|    5.085|    5.109|    5.788|
---------------+---------+---------+---------+---------+


Analysis completed Sat Jun 18 15:27:17 2022 
--------------------------------------------------------------------------------

Trace Settings:
-------------------------
Trace Settings 

Peak Memory Usage: 161 MB



