AR bcd_8_bit behavioural "C:/Users/cypher/Documents/GitHub/Projects-Cypher/Hardware Engineering/Lab Project/CYPHER module/Parking_Lot_System_FPGA/Parking_Lot_System_FPGA/bcd_8_bit.vhd" sub00/vhpl09 1655553776
EN led_7segment NULL "C:/Users/cypher/Documents/GitHub/Projects-Cypher/Hardware Engineering/Lab Project/CYPHER module/Parking_Lot_System_FPGA/Parking_Lot_System_FPGA/bcd_7segment.vhd" sub00/vhpl10 1655553777
AR full_adder_1_bit data "C:/Users/cypher/Documents/GitHub/Projects-Cypher/Hardware Engineering/Lab Project/CYPHER module/Parking_Lot_System_FPGA/Parking_Lot_System_FPGA/Q2.vhd" sub00/vhpl03 1655553768
AR half_adder_1_bit data "C:/Users/cypher/Documents/GitHub/Projects-Cypher/Hardware Engineering/Lab Project/CYPHER module/Parking_Lot_System_FPGA/Parking_Lot_System_FPGA/Q1.vhd" sub00/vhpl01 1655553766
EN full_adder_1_bit NULL "C:/Users/cypher/Documents/GitHub/Projects-Cypher/Hardware Engineering/Lab Project/CYPHER module/Parking_Lot_System_FPGA/Parking_Lot_System_FPGA/Q2.vhd" sub00/vhpl02 1655553767
AR clock_divider behavioural "C:/Users/cypher/Documents/GitHub/Projects-Cypher/Hardware Engineering/Lab Project/CYPHER module/Parking_Lot_System_FPGA/Parking_Lot_System_FPGA/Q2_1.vhd" sub00/vhpl19 1655553780
AR bcd_shifter behavioral "C:/Users/cypher/Documents/GitHub/Projects-Cypher/Hardware Engineering/Lab Project/CYPHER module/Parking_Lot_System_FPGA/Parking_Lot_System_FPGA/bcd_shifter.vhd" sub00/vhpl15 1655553782
AR d_flip_flop behavioral "C:/Users/cypher/Documents/GitHub/Projects-Cypher/Hardware Engineering/Lab Project/CYPHER module/Parking_Lot_System_FPGA/Parking_Lot_System_FPGA/Q1_1.vhd" sub00/vhpl17 1655553772
EN half_adder_1_bit NULL "C:/Users/cypher/Documents/GitHub/Projects-Cypher/Hardware Engineering/Lab Project/CYPHER module/Parking_Lot_System_FPGA/Parking_Lot_System_FPGA/Q1.vhd" sub00/vhpl00 1655553765
EN d_flip_flop NULL "C:/Users/cypher/Documents/GitHub/Projects-Cypher/Hardware Engineering/Lab Project/CYPHER module/Parking_Lot_System_FPGA/Parking_Lot_System_FPGA/Q1_1.vhd" sub00/vhpl16 1655553771
EN clock_divider NULL "C:/Users/cypher/Documents/GitHub/Projects-Cypher/Hardware Engineering/Lab Project/CYPHER module/Parking_Lot_System_FPGA/Parking_Lot_System_FPGA/Q2_1.vhd" sub00/vhpl18 1655553779
EN bcd_shifter NULL "C:/Users/cypher/Documents/GitHub/Projects-Cypher/Hardware Engineering/Lab Project/CYPHER module/Parking_Lot_System_FPGA/Parking_Lot_System_FPGA/bcd_shifter.vhd" sub00/vhpl14 1655553781
AR parkinglotsystem behavioral "C:/Users/cypher/Documents/GitHub/Projects-Cypher/Hardware Engineering/Lab Project/CYPHER module/Parking_Lot_System_FPGA/Parking_Lot_System_FPGA/Parking_Lot_System.vhd" sub00/vhpl13 1655553784
AR led_7segment logic "C:/Users/cypher/Documents/GitHub/Projects-Cypher/Hardware Engineering/Lab Project/CYPHER module/Parking_Lot_System_FPGA/Parking_Lot_System_FPGA/bcd_7segment.vhd" sub00/vhpl11 1655553778
EN parkinglotsystem NULL "C:/Users/cypher/Documents/GitHub/Projects-Cypher/Hardware Engineering/Lab Project/CYPHER module/Parking_Lot_System_FPGA/Parking_Lot_System_FPGA/Parking_Lot_System.vhd" sub00/vhpl12 1655553783
AR full_adder_4_bit data "C:/Users/cypher/Documents/GitHub/Projects-Cypher/Hardware Engineering/Lab Project/CYPHER module/Parking_Lot_System_FPGA/Parking_Lot_System_FPGA/Q3.vhd" sub00/vhpl05 1655553770
EN add3 NULL "C:/Users/cypher/Documents/GitHub/Projects-Cypher/Hardware Engineering/Lab Project/CYPHER module/Parking_Lot_System_FPGA/Parking_Lot_System_FPGA/add3.vhd" sub00/vhpl06 1655553773
AR add3 behavioural "C:/Users/cypher/Documents/GitHub/Projects-Cypher/Hardware Engineering/Lab Project/CYPHER module/Parking_Lot_System_FPGA/Parking_Lot_System_FPGA/add3.vhd" sub00/vhpl07 1655553774
EN full_adder_4_bit NULL "C:/Users/cypher/Documents/GitHub/Projects-Cypher/Hardware Engineering/Lab Project/CYPHER module/Parking_Lot_System_FPGA/Parking_Lot_System_FPGA/Q3.vhd" sub00/vhpl04 1655553769
EN bcd_8_bit NULL "C:/Users/cypher/Documents/GitHub/Projects-Cypher/Hardware Engineering/Lab Project/CYPHER module/Parking_Lot_System_FPGA/Parking_Lot_System_FPGA/bcd_8_bit.vhd" sub00/vhpl08 1655553775
