V3 40
FL "C:/Users/cypher/Documents/GitHub/Projects-Cypher/Hardware Engineering/Lab Project/CYPHER module/Parking_Lot_System_FPGA/Parking_Lot_System_FPGA/add3.vhd" 2022/06/18.05:22:05 P.20131013
EN work/add3 1655554031 \
      FL "C:/Users/cypher/Documents/GitHub/Projects-Cypher/Hardware Engineering/Lab Project/CYPHER module/Parking_Lot_System_FPGA/Parking_Lot_System_FPGA/add3.vhd"
AR work/add3/behavioural 1655554032 \
      FL "C:/Users/cypher/Documents/GitHub/Projects-Cypher/Hardware Engineering/Lab Project/CYPHER module/Parking_Lot_System_FPGA/Parking_Lot_System_FPGA/add3.vhd" \
      EN work/add3 1655554031 CP full_adder_4_bit
FL "C:/Users/cypher/Documents/GitHub/Projects-Cypher/Hardware Engineering/Lab Project/CYPHER module/Parking_Lot_System_FPGA/Parking_Lot_System_FPGA/bcd_7segment.vhd" 2022/06/18.05:22:05 P.20131013
EN work/LED_7segment 1655554035 \
      FL "C:/Users/cypher/Documents/GitHub/Projects-Cypher/Hardware Engineering/Lab Project/CYPHER module/Parking_Lot_System_FPGA/Parking_Lot_System_FPGA/bcd_7segment.vhd"
AR work/LED_7segment/logic 1655554036 \
      FL "C:/Users/cypher/Documents/GitHub/Projects-Cypher/Hardware Engineering/Lab Project/CYPHER module/Parking_Lot_System_FPGA/Parking_Lot_System_FPGA/bcd_7segment.vhd" \
      EN work/LED_7segment 1655554035
FL "C:/Users/cypher/Documents/GitHub/Projects-Cypher/Hardware Engineering/Lab Project/CYPHER module/Parking_Lot_System_FPGA/Parking_Lot_System_FPGA/bcd_8_bit.vhd" 2022/06/18.05:22:05 P.20131013
EN work/bcd_8_bit 1655554033 \
      FL "C:/Users/cypher/Documents/GitHub/Projects-Cypher/Hardware Engineering/Lab Project/CYPHER module/Parking_Lot_System_FPGA/Parking_Lot_System_FPGA/bcd_8_bit.vhd" \
      PB ieee/std_logic_1164 1381692176 PB ieee/NUMERIC_STD 1381692181
AR work/bcd_8_bit/behavioural 1655554034 \
      FL "C:/Users/cypher/Documents/GitHub/Projects-Cypher/Hardware Engineering/Lab Project/CYPHER module/Parking_Lot_System_FPGA/Parking_Lot_System_FPGA/bcd_8_bit.vhd" \
      EN work/bcd_8_bit 1655554033 CP add3
FL "C:/Users/cypher/Documents/GitHub/Projects-Cypher/Hardware Engineering/Lab Project/CYPHER module/Parking_Lot_System_FPGA/Parking_Lot_System_FPGA/bcd_shifter.vhd" 2022/06/18.13:54:40 P.20131013
EN work/bcd_shifter 1655554039 \
      FL "C:/Users/cypher/Documents/GitHub/Projects-Cypher/Hardware Engineering/Lab Project/CYPHER module/Parking_Lot_System_FPGA/Parking_Lot_System_FPGA/bcd_shifter.vhd" \
      PB ieee/std_logic_1164 1381692176 PB ieee/STD_LOGIC_UNSIGNED 1381692179
AR work/bcd_shifter/behavioral 1655554040 \
      FL "C:/Users/cypher/Documents/GitHub/Projects-Cypher/Hardware Engineering/Lab Project/CYPHER module/Parking_Lot_System_FPGA/Parking_Lot_System_FPGA/bcd_shifter.vhd" \
      EN work/bcd_shifter 1655554039
FL "C:/Users/cypher/Documents/GitHub/Projects-Cypher/Hardware Engineering/Lab Project/CYPHER module/Parking_Lot_System_FPGA/Parking_Lot_System_FPGA/Parking_Lot_System.vhd" 2022/06/18.14:06:59 P.20131013
EN work/parkingLotSystem 1655554041 \
      FL "C:/Users/cypher/Documents/GitHub/Projects-Cypher/Hardware Engineering/Lab Project/CYPHER module/Parking_Lot_System_FPGA/Parking_Lot_System_FPGA/Parking_Lot_System.vhd" \
      PB ieee/std_logic_1164 1381692176 PB ieee/STD_LOGIC_UNSIGNED 1381692179
AR work/parkingLotSystem/behavioral 1655554042 \
      FL "C:/Users/cypher/Documents/GitHub/Projects-Cypher/Hardware Engineering/Lab Project/CYPHER module/Parking_Lot_System_FPGA/Parking_Lot_System_FPGA/Parking_Lot_System.vhd" \
      EN work/parkingLotSystem 1655554041 CP bcd_8_bit CP LED_7segment \
      CP clock_divider CP bcd_shifter
FL "C:/Users/cypher/Documents/GitHub/Projects-Cypher/Hardware Engineering/Lab Project/CYPHER module/Parking_Lot_System_FPGA/Parking_Lot_System_FPGA/Q1.vhd" 2022/06/18.05:22:05 P.20131013
EN work/half_adder_1_bit 1655554023 \
      FL "C:/Users/cypher/Documents/GitHub/Projects-Cypher/Hardware Engineering/Lab Project/CYPHER module/Parking_Lot_System_FPGA/Parking_Lot_System_FPGA/Q1.vhd"
AR work/half_adder_1_bit/data 1655554024 \
      FL "C:/Users/cypher/Documents/GitHub/Projects-Cypher/Hardware Engineering/Lab Project/CYPHER module/Parking_Lot_System_FPGA/Parking_Lot_System_FPGA/Q1.vhd" \
      EN work/half_adder_1_bit 1655554023
FL "C:/Users/cypher/Documents/GitHub/Projects-Cypher/Hardware Engineering/Lab Project/CYPHER module/Parking_Lot_System_FPGA/Parking_Lot_System_FPGA/Q1_1.vhd" 2022/06/18.13:44:52 P.20131013
EN work/D_flip_flop 1655554029 \
      FL "C:/Users/cypher/Documents/GitHub/Projects-Cypher/Hardware Engineering/Lab Project/CYPHER module/Parking_Lot_System_FPGA/Parking_Lot_System_FPGA/Q1_1.vhd" \
      PB ieee/std_logic_1164 1381692176 PB ieee/STD_LOGIC_UNSIGNED 1381692179
AR work/D_flip_flop/Behavioral 1655554030 \
      FL "C:/Users/cypher/Documents/GitHub/Projects-Cypher/Hardware Engineering/Lab Project/CYPHER module/Parking_Lot_System_FPGA/Parking_Lot_System_FPGA/Q1_1.vhd" \
      EN work/D_flip_flop 1655554029
FL "C:/Users/cypher/Documents/GitHub/Projects-Cypher/Hardware Engineering/Lab Project/CYPHER module/Parking_Lot_System_FPGA/Parking_Lot_System_FPGA/Q2.vhd" 2022/06/18.05:22:05 P.20131013
EN work/full_adder_1_bit 1655554025 \
      FL "C:/Users/cypher/Documents/GitHub/Projects-Cypher/Hardware Engineering/Lab Project/CYPHER module/Parking_Lot_System_FPGA/Parking_Lot_System_FPGA/Q2.vhd"
AR work/full_adder_1_bit/data 1655554026 \
      FL "C:/Users/cypher/Documents/GitHub/Projects-Cypher/Hardware Engineering/Lab Project/CYPHER module/Parking_Lot_System_FPGA/Parking_Lot_System_FPGA/Q2.vhd" \
      EN work/full_adder_1_bit 1655554025 CP half_adder_1_bit CP Cout
FL "C:/Users/cypher/Documents/GitHub/Projects-Cypher/Hardware Engineering/Lab Project/CYPHER module/Parking_Lot_System_FPGA/Parking_Lot_System_FPGA/Q2_1.vhd" 2022/06/18.13:44:14 P.20131013
EN work/clock_divider 1655554037 \
      FL "C:/Users/cypher/Documents/GitHub/Projects-Cypher/Hardware Engineering/Lab Project/CYPHER module/Parking_Lot_System_FPGA/Parking_Lot_System_FPGA/Q2_1.vhd" \
      PB ieee/std_logic_1164 1381692176 PB ieee/STD_LOGIC_UNSIGNED 1381692179
AR work/clock_divider/behavioural 1655554038 \
      FL "C:/Users/cypher/Documents/GitHub/Projects-Cypher/Hardware Engineering/Lab Project/CYPHER module/Parking_Lot_System_FPGA/Parking_Lot_System_FPGA/Q2_1.vhd" \
      EN work/clock_divider 1655554037 CP D_flip_flop
FL "C:/Users/cypher/Documents/GitHub/Projects-Cypher/Hardware Engineering/Lab Project/CYPHER module/Parking_Lot_System_FPGA/Parking_Lot_System_FPGA/Q3.vhd" 2022/06/18.05:22:05 P.20131013
EN work/full_adder_4_bit 1655554027 \
      FL "C:/Users/cypher/Documents/GitHub/Projects-Cypher/Hardware Engineering/Lab Project/CYPHER module/Parking_Lot_System_FPGA/Parking_Lot_System_FPGA/Q3.vhd"
AR work/full_adder_4_bit/data 1655554028 \
      FL "C:/Users/cypher/Documents/GitHub/Projects-Cypher/Hardware Engineering/Lab Project/CYPHER module/Parking_Lot_System_FPGA/Parking_Lot_System_FPGA/Q3.vhd" \
      EN work/full_adder_4_bit 1655554027 CP full_adder_1_bit
