V3 39
FL "C:/Users/cypher/Documents/GitHub/Projects-Cypher/Hardware Engineering/Lab Project/CYPHER module/Parking_Lot_System_FPGA/Parking_Lot_System_FPGA/add3.vhd" 2022/06/20.21:49:35 P.20131013
EN work/add3 1655754821 \
      FL "C:/Users/cypher/Documents/GitHub/Projects-Cypher/Hardware Engineering/Lab Project/CYPHER module/Parking_Lot_System_FPGA/Parking_Lot_System_FPGA/add3.vhd"
AR work/add3/behavioural 1655754822 \
      FL "C:/Users/cypher/Documents/GitHub/Projects-Cypher/Hardware Engineering/Lab Project/CYPHER module/Parking_Lot_System_FPGA/Parking_Lot_System_FPGA/add3.vhd" \
      EN work/add3 1655754821 CP full_adder_4_bit
FL "C:/Users/cypher/Documents/GitHub/Projects-Cypher/Hardware Engineering/Lab Project/CYPHER module/Parking_Lot_System_FPGA/Parking_Lot_System_FPGA/bcd_7segment.vhd" 2022/06/20.19:09:01 P.20131013
EN work/LED_7segment 1655754825 \
      FL "C:/Users/cypher/Documents/GitHub/Projects-Cypher/Hardware Engineering/Lab Project/CYPHER module/Parking_Lot_System_FPGA/Parking_Lot_System_FPGA/bcd_7segment.vhd"
AR work/LED_7segment/logic 1655754826 \
      FL "C:/Users/cypher/Documents/GitHub/Projects-Cypher/Hardware Engineering/Lab Project/CYPHER module/Parking_Lot_System_FPGA/Parking_Lot_System_FPGA/bcd_7segment.vhd" \
      EN work/LED_7segment 1655754825
FL "C:/Users/cypher/Documents/GitHub/Projects-Cypher/Hardware Engineering/Lab Project/CYPHER module/Parking_Lot_System_FPGA/Parking_Lot_System_FPGA/bcd_8_bit.vhd" 2022/06/20.19:09:01 P.20131013
EN work/bcd_8_bit 1655754823 \
      FL "C:/Users/cypher/Documents/GitHub/Projects-Cypher/Hardware Engineering/Lab Project/CYPHER module/Parking_Lot_System_FPGA/Parking_Lot_System_FPGA/bcd_8_bit.vhd"
AR work/bcd_8_bit/behavioural 1655754824 \
      FL "C:/Users/cypher/Documents/GitHub/Projects-Cypher/Hardware Engineering/Lab Project/CYPHER module/Parking_Lot_System_FPGA/Parking_Lot_System_FPGA/bcd_8_bit.vhd" \
      EN work/bcd_8_bit 1655754823 CP add3
FL "C:/Users/cypher/Documents/GitHub/Projects-Cypher/Hardware Engineering/Lab Project/CYPHER module/Parking_Lot_System_FPGA/Parking_Lot_System_FPGA/bcd_shifter.vhd" 2022/06/20.21:30:57 P.20131013
EN work/bcd_shifter 1655754827 \
      FL "C:/Users/cypher/Documents/GitHub/Projects-Cypher/Hardware Engineering/Lab Project/CYPHER module/Parking_Lot_System_FPGA/Parking_Lot_System_FPGA/bcd_shifter.vhd" \
      PB ieee/std_logic_1164 1381692176
AR work/bcd_shifter/behavioral 1655754828 \
      FL "C:/Users/cypher/Documents/GitHub/Projects-Cypher/Hardware Engineering/Lab Project/CYPHER module/Parking_Lot_System_FPGA/Parking_Lot_System_FPGA/bcd_shifter.vhd" \
      EN work/bcd_shifter 1655754827
FL "C:/Users/cypher/Documents/GitHub/Projects-Cypher/Hardware Engineering/Lab Project/CYPHER module/Parking_Lot_System_FPGA/Parking_Lot_System_FPGA/Parking_Lot_System.vhd" 2022/06/20.21:53:19 P.20131013
EN work/parkingLotSystem 1655754829 \
      FL "C:/Users/cypher/Documents/GitHub/Projects-Cypher/Hardware Engineering/Lab Project/CYPHER module/Parking_Lot_System_FPGA/Parking_Lot_System_FPGA/Parking_Lot_System.vhd" \
      PB ieee/std_logic_1164 1381692176 PB ieee/STD_LOGIC_UNSIGNED 1381692179
AR work/parkingLotSystem/behavioral 1655754830 \
      FL "C:/Users/cypher/Documents/GitHub/Projects-Cypher/Hardware Engineering/Lab Project/CYPHER module/Parking_Lot_System_FPGA/Parking_Lot_System_FPGA/Parking_Lot_System.vhd" \
      EN work/parkingLotSystem 1655754829 CP bcd_8_bit CP LED_7segment \
      CP bcd_shifter
FL "C:/Users/cypher/Documents/GitHub/Projects-Cypher/Hardware Engineering/Lab Project/CYPHER module/Parking_Lot_System_FPGA/Parking_Lot_System_FPGA/Q1.vhd" 2022/06/18.05:22:05 P.20131013
EN work/half_adder_1_bit 1655754815 \
      FL "C:/Users/cypher/Documents/GitHub/Projects-Cypher/Hardware Engineering/Lab Project/CYPHER module/Parking_Lot_System_FPGA/Parking_Lot_System_FPGA/Q1.vhd"
AR work/half_adder_1_bit/data 1655754816 \
      FL "C:/Users/cypher/Documents/GitHub/Projects-Cypher/Hardware Engineering/Lab Project/CYPHER module/Parking_Lot_System_FPGA/Parking_Lot_System_FPGA/Q1.vhd" \
      EN work/half_adder_1_bit 1655754815
FL "C:/Users/cypher/Documents/GitHub/Projects-Cypher/Hardware Engineering/Lab Project/CYPHER module/Parking_Lot_System_FPGA/Parking_Lot_System_FPGA/Q1_1.vhd" 2022/06/18.13:44:52 P.20131013
EN work/D_flip_flop 1655569563 \
      FL "C:/Users/cypher/Documents/GitHub/Projects-Cypher/Hardware Engineering/Lab Project/CYPHER module/Parking_Lot_System_FPGA/Parking_Lot_System_FPGA/Q1_1.vhd" \
      PB ieee/std_logic_1164 1381692176 PB ieee/STD_LOGIC_UNSIGNED 1381692179
AR work/D_flip_flop/Behavioral 1655569564 \
      FL "C:/Users/cypher/Documents/GitHub/Projects-Cypher/Hardware Engineering/Lab Project/CYPHER module/Parking_Lot_System_FPGA/Parking_Lot_System_FPGA/Q1_1.vhd" \
      EN work/D_flip_flop 1655569563
FL "C:/Users/cypher/Documents/GitHub/Projects-Cypher/Hardware Engineering/Lab Project/CYPHER module/Parking_Lot_System_FPGA/Parking_Lot_System_FPGA/Q2.vhd" 2022/06/18.05:22:05 P.20131013
EN work/full_adder_1_bit 1655754817 \
      FL "C:/Users/cypher/Documents/GitHub/Projects-Cypher/Hardware Engineering/Lab Project/CYPHER module/Parking_Lot_System_FPGA/Parking_Lot_System_FPGA/Q2.vhd"
AR work/full_adder_1_bit/data 1655754818 \
      FL "C:/Users/cypher/Documents/GitHub/Projects-Cypher/Hardware Engineering/Lab Project/CYPHER module/Parking_Lot_System_FPGA/Parking_Lot_System_FPGA/Q2.vhd" \
      EN work/full_adder_1_bit 1655754817 CP half_adder_1_bit CP Cout
FL "C:/Users/cypher/Documents/GitHub/Projects-Cypher/Hardware Engineering/Lab Project/CYPHER module/Parking_Lot_System_FPGA/Parking_Lot_System_FPGA/Q2_1.vhd" 2022/06/18.13:44:14 P.20131013
EN work/clock_divider 1655569571 \
      FL "C:/Users/cypher/Documents/GitHub/Projects-Cypher/Hardware Engineering/Lab Project/CYPHER module/Parking_Lot_System_FPGA/Parking_Lot_System_FPGA/Q2_1.vhd" \
      PB ieee/std_logic_1164 1381692176 PB ieee/STD_LOGIC_UNSIGNED 1381692179
AR work/clock_divider/behavioural 1655569572 \
      FL "C:/Users/cypher/Documents/GitHub/Projects-Cypher/Hardware Engineering/Lab Project/CYPHER module/Parking_Lot_System_FPGA/Parking_Lot_System_FPGA/Q2_1.vhd" \
      EN work/clock_divider 1655569571 CP D_flip_flop
FL "C:/Users/cypher/Documents/GitHub/Projects-Cypher/Hardware Engineering/Lab Project/CYPHER module/Parking_Lot_System_FPGA/Parking_Lot_System_FPGA/Q3.vhd" 2022/06/18.15:37:00 P.20131013
EN work/full_adder_4_bit 1655754819 \
      FL "C:/Users/cypher/Documents/GitHub/Projects-Cypher/Hardware Engineering/Lab Project/CYPHER module/Parking_Lot_System_FPGA/Parking_Lot_System_FPGA/Q3.vhd"
AR work/full_adder_4_bit/data 1655754820 \
      FL "C:/Users/cypher/Documents/GitHub/Projects-Cypher/Hardware Engineering/Lab Project/CYPHER module/Parking_Lot_System_FPGA/Parking_Lot_System_FPGA/Q3.vhd" \
      EN work/full_adder_4_bit 1655754819 CP full_adder_1_bit
